[2026-03-10 05:12:45]
To: yanga@gmail.com
Subject: Your login verification code

<!DOCTYPE html>
<html lang="en">
<head>
    <meta charset="UTF-8">
    <title>Login Verification Code</title>
</head>
<body style="margin:0; padding:0; background:#f4f6f8; font-family: Arial, sans-serif;">

<table width="100%" cellpadding="0" cellspacing="0">
    <tr>
        <td align="center" style="padding:40px 0;">
            <table width="600" cellpadding="0" cellspacing="0" style="background:#ffffff; border-radius:8px; overflow:hidden;">
                
                <!-- Header -->
                <tr>
                    <td style="background:#1e40af; color:#ffffff; padding:20px; text-align:center;">
                        <h1 style="margin:0; font-size:22px;">
                            For A Change Academy                        </h1>
                        <p style="margin:5px 0 0; font-size:14px;">
                            Empowering Students, Inspiring Minds                        </p>
                    </td>
                </tr>

                <!-- Body -->
                <tr>
                    <td style="padding:30px; color:#333;">
                        <h2 style="margin-top:0;">Your Login Code</h2>

                        <p>Hello <strong>Ellen</strong>,</p>

                        <p>Your login verification code is:</p>
                        <h2 style="letter-spacing: 4px;">286895</h2>
                        <p>This code will expire in <strong>10 minutes</strong>.</p>
                        <p>Please, don't reply to this email, but if you did not attempt to log in, 
                            contact us immediately.
                        </p>

                        <p style="text-align:center; margin:30px 0;">
                            <a href="http://127.0.0.1/contact"
                               style="
                                   background:#1e40af;
                                   color:#ffffff;
                                   text-decoration:none;
                                   padding:12px 24px;
                                   border-radius:6px;
                                   font-weight:bold;
                                   display:inline-block;
                               ">
                                Contact us
                            </a>
                        </p>
                    </td>
                </tr>

                <!-- Footer -->
                <tr>
                    <td style="background:#f1f5f9; padding:15px; text-align:center; font-size:12px; color:#555;">
                        © 2026 For A Change Academy                    </td>
                </tr>

            </table>
        </td>
    </tr>
</table>

</body>
</html>


[2026-03-10 10:22:39]
To: yanga@gmail.com
Subject: Your login verification code

<!DOCTYPE html>
<html lang="en">
<head>
    <meta charset="UTF-8">
    <title>Login Verification Code</title>
</head>
<body style="margin:0; padding:0; background:#f4f6f8; font-family: Arial, sans-serif;">

<table width="100%" cellpadding="0" cellspacing="0">
    <tr>
        <td align="center" style="padding:40px 0;">
            <table width="600" cellpadding="0" cellspacing="0" style="background:#ffffff; border-radius:8px; overflow:hidden;">
                
                <!-- Header -->
                <tr>
                    <td style="background:#1e40af; color:#ffffff; padding:20px; text-align:center;">
                        <h1 style="margin:0; font-size:22px;">
                            For A Change Academy                        </h1>
                        <p style="margin:5px 0 0; font-size:14px;">
                            Empowering Students, Inspiring Minds                        </p>
                    </td>
                </tr>

                <!-- Body -->
                <tr>
                    <td style="padding:30px; color:#333;">
                        <h2 style="margin-top:0;">Your Login Code</h2>

                        <p>Hello <strong>Ellen</strong>,</p>

                        <p>Your login verification code is:</p>
                        <h2 style="letter-spacing: 4px;">482488</h2>
                        <p>This code will expire in <strong>10 minutes</strong>.</p>
                        <p>Please, don't reply to this email, but if you did not attempt to log in, 
                            contact us immediately.
                        </p>

                        <p style="text-align:center; margin:30px 0;">
                            <a href="http://127.0.0.1/contact"
                               style="
                                   background:#1e40af;
                                   color:#ffffff;
                                   text-decoration:none;
                                   padding:12px 24px;
                                   border-radius:6px;
                                   font-weight:bold;
                                   display:inline-block;
                               ">
                                Contact us
                            </a>
                        </p>
                    </td>
                </tr>

                <!-- Footer -->
                <tr>
                    <td style="background:#f1f5f9; padding:15px; text-align:center; font-size:12px; color:#555;">
                        © 2026 For A Change Academy                    </td>
                </tr>

            </table>
        </td>
    </tr>
</table>

</body>
</html>


[2026-03-11 06:24:26]
To: yanga@gmail.com
Subject: Your login verification code

<!DOCTYPE html>
<html lang="en">
<head>
    <meta charset="UTF-8">
    <title>Login Verification Code</title>
</head>
<body style="margin:0; padding:0; background:#f4f6f8; font-family: Arial, sans-serif;">

<table width="100%" cellpadding="0" cellspacing="0">
    <tr>
        <td align="center" style="padding:40px 0;">
            <table width="600" cellpadding="0" cellspacing="0" style="background:#ffffff; border-radius:8px; overflow:hidden;">
                
                <!-- Header -->
                <tr>
                    <td style="background:#1e40af; color:#ffffff; padding:20px; text-align:center;">
                        <h1 style="margin:0; font-size:22px;">
                            For A Change Academy                        </h1>
                        <p style="margin:5px 0 0; font-size:14px;">
                            Empowering Students, Inspiring Minds                        </p>
                    </td>
                </tr>

                <!-- Body -->
                <tr>
                    <td style="padding:30px; color:#333;">
                        <h2 style="margin-top:0;">Your Login Code</h2>

                        <p>Hello <strong>Ellen</strong>,</p>

                        <p>Your login verification code is:</p>
                        <h2 style="letter-spacing: 4px;">931703</h2>
                        <p>This code will expire in <strong>10 minutes</strong>.</p>
                        <p>Please, don't reply to this email, but if you did not attempt to log in, 
                            contact us immediately.
                        </p>

                        <p style="text-align:center; margin:30px 0;">
                            <a href="http://127.0.0.1/contact"
                               style="
                                   background:#1e40af;
                                   color:#ffffff;
                                   text-decoration:none;
                                   padding:12px 24px;
                                   border-radius:6px;
                                   font-weight:bold;
                                   display:inline-block;
                               ">
                                Contact us
                            </a>
                        </p>
                    </td>
                </tr>

                <!-- Footer -->
                <tr>
                    <td style="background:#f1f5f9; padding:15px; text-align:center; font-size:12px; color:#555;">
                        © 2026 For A Change Academy                    </td>
                </tr>

            </table>
        </td>
    </tr>
</table>

</body>
</html>


[2026-03-11 06:33:21]
To: yanga@gmail.com
Subject: Your login verification code

<!DOCTYPE html>
<html lang="en">
<head>
    <meta charset="UTF-8">
    <title>Login Verification Code</title>
</head>
<body style="margin:0; padding:0; background:#f4f6f8; font-family: Arial, sans-serif;">

<table width="100%" cellpadding="0" cellspacing="0">
    <tr>
        <td align="center" style="padding:40px 0;">
            <table width="600" cellpadding="0" cellspacing="0" style="background:#ffffff; border-radius:8px; overflow:hidden;">
                
                <!-- Header -->
                <tr>
                    <td style="background:#1e40af; color:#ffffff; padding:20px; text-align:center;">
                        <h1 style="margin:0; font-size:22px;">
                            For A Change Academy                        </h1>
                        <p style="margin:5px 0 0; font-size:14px;">
                            Empowering Students, Inspiring Minds                        </p>
                    </td>
                </tr>

                <!-- Body -->
                <tr>
                    <td style="padding:30px; color:#333;">
                        <h2 style="margin-top:0;">Your Login Code</h2>

                        <p>Hello <strong>Ellen</strong>,</p>

                        <p>Your login verification code is:</p>
                        <h2 style="letter-spacing: 4px;">119084</h2>
                        <p>This code will expire in <strong>10 minutes</strong>.</p>
                        <p>Please, don't reply to this email, but if you did not attempt to log in, 
                            contact us immediately.
                        </p>

                        <p style="text-align:center; margin:30px 0;">
                            <a href="http://127.0.0.1/contact"
                               style="
                                   background:#1e40af;
                                   color:#ffffff;
                                   text-decoration:none;
                                   padding:12px 24px;
                                   border-radius:6px;
                                   font-weight:bold;
                                   display:inline-block;
                               ">
                                Contact us
                            </a>
                        </p>
                    </td>
                </tr>

                <!-- Footer -->
                <tr>
                    <td style="background:#f1f5f9; padding:15px; text-align:center; font-size:12px; color:#555;">
                        © 2026 For A Change Academy                    </td>
                </tr>

            </table>
        </td>
    </tr>
</table>

</body>
</html>


